[classcentral/index.html]
[backblue.gif]
[fade.gif]
[index.html]
[ccweb.imgix.net/https_/classcentral/images/meta/meta-default6dba.png]
[classcentral/apple-touch-icon.png]
[classcentral/favicon-32x32.png]
[classcentral/favicon-16x16.png]
[classcentral/site.webmanifest]
[classcentral/safari-pinned-tab.svg]
[classcentral/opensearch.xml]
[classcentral/fonts/source-sans-pro-hinted/source-sans-pro-400-italic-cyrillic-ext.woff2]
[classcentral/fonts/source-sans-pro-hinted/source-sans-pro-400-italic-greek-ext.woff2]
[classcentral/fonts/source-sans-pro-hinted/source-sans-pro-400-italic-greek.woff2]
[classcentral/fonts/source-sans-pro-hinted/source-sans-pro-400-italic-vietnamese.woff2]
[classcentral/fonts/source-sans-pro-hinted/source-sans-pro-400-italic-latin-ext.woff2]
[classcentral/fonts/source-sans-pro-hinted/source-sans-pro-400-italic-latin.woff2]
[classcentral/fonts/source-sans-pro-hinted/source-sans-pro-400-regular-cyrillic-ext.woff2]
[classcentral/fonts/source-sans-pro-hinted/source-sans-pro-400-regular-cyrillic.woff2]
[classcentral/fonts/source-sans-pro-hinted/source-sans-pro-400-regular-greek-ext.woff2]
[classcentral/fonts/source-sans-pro-hinted/source-sans-pro-400-regular-greek.woff2]
[classcentral/fonts/source-sans-pro-hinted/source-sans-pro-400-regular-vietnamese.woff2]
[classcentral/fonts/source-sans-pro-hinted/source-sans-pro-400-regular-latin-ext.woff2]
[classcentral/fonts/source-sans-pro-hinted/source-sans-pro-400-regular-latin.woff2]
[classcentral/fonts/source-sans-pro-hinted/source-sans-pro-600-semibold-cyrillic-ext.woff2]
[classcentral/fonts/source-sans-pro-hinted/source-sans-pro-600-semibold-cyrillic.woff2]
[classcentral/fonts/source-sans-pro-hinted/source-sans-pro-600-semibold-greek-ext.woff2]
[classcentral/fonts/source-sans-pro-hinted/source-sans-pro-600-semibold-greek.woff2]
[classcentral/fonts/source-sans-pro-hinted/source-sans-pro-600-semibold-vietnamese.woff2]
[classcentral/fonts/source-sans-pro-hinted/source-sans-pro-600-semibold-latin-ext.woff2]
[classcentral/fonts/source-sans-pro-hinted/source-sans-pro-600-semibold-latin.woff2]
[classcentral/fonts/source-sans-pro-hinted/source-sans-pro-700-bold-cyrillic-ext.woff2]
[classcentral/fonts/source-sans-pro-hinted/source-sans-pro-700-bold-cyrillic.woff2]
[classcentral/fonts/source-sans-pro-hinted/source-sans-pro-700-bold-greek-ext.woff2]
[classcentral/fonts/source-sans-pro-hinted/source-sans-pro-700-bold-greek.woff2]
[classcentral/fonts/source-sans-pro-hinted/source-sans-pro-700-bold-vietnamese.woff2]
[classcentral/fonts/source-sans-pro-hinted/source-sans-pro-700-bold-latin-ext.woff2]
[classcentral/fonts/source-sans-pro-hinted/source-sans-pro-700-bold-latin.woff2]
[classcentral/images/fade-gradient.png]
[www.google-analytics.com/analytics.js]
[classcentral/rankings.html]
[classcentral/collections.html]
[classcentral/subjects.html]
[classcentral/subject/cs.html]
[classcentral/subject/health.html]
[classcentral/universities.html]
[classcentral/report/index.html]
[classcentral/collection/top-free-online-courses.html]
[ccweb.imgix.net/https_/classcentral/images/best-courses/mini-banner-best-of-all-time3e68.png]
[ccweb.imgix.net/https_/classcentral/images/best-courses/mini-banner-best-of-all-timec7ac.png]
[ccweb.imgix.net/https_/classcentral/images/best-courses/mini-banner-most-popular-of-all-time0931.png]
[ccweb.imgix.net/https_/classcentral/images/best-courses/mini-banner-most-popular-of-all-time45d9.png]
[classcentral/report/most-popular-online-courses/index.html]
[classcentral/report/best-free-online-courses-2022/index.html]
[classcentral/report/best-free-online-courses-2021/index.html]
[ccweb.imgix.net/https_/classcentral/images/collections/collection-ivy-league-moocs-social5b92.jpg]
[classcentral/collection/ivy-league-moocs.html]
[classcentral/report/100-most-popular-online-courses-2021/index.html]
[ccweb.imgix.net/https_/classcentral/images/collections/collection-ivy-league-moocs-social1fe9.jpg]
[classcentral/report/most-popular-courses-2022/index.html]
[classcentral/report/coursera-free-online-courses/index.html]
[ccweb.imgix.net/https_/classcentral/images/collections/collection-coursera-free-coursesd038.png]
[ccweb.imgix.net/https_/classcentral/images/collections/collection-coursera-free-courses08e8.png]
[ccweb.imgix.net/https_/classcentral/images/collections/collection-free-certificates7462.png]
[ccweb.imgix.net/https_/classcentral/images/collections/collection-free-certificatesbc95.png]
[ccweb.imgix.net/https_/classcentral/images/collections/collection-google-certsa0be.png]
[classcentral/report/free-certificates/index.html]
[ccweb.imgix.net/https_/classcentral/images/collections/collection-google-certsc6f1.png]
[classcentral/report/free-google-certifications/index.html]
[classcentral/starting-this-month.html]
[classcentral/new-online-courses/february-2023.html]
[classcentral/report/most-popular-march-2023/index.html]
[classcentral/subject/ai.html]
[classcentral/subject/algorithms-and-data-structures.html]
[classcentral/subject/internet-of-things.html]
[classcentral/subject/cryptography.html]
[classcentral/subject/quantum-computing.html]
[classcentral/subject/hci.html]
[classcentral/subject/operating-systems.html]
[classcentral/subject/computer-graphics.html]
[classcentral/subject/nutrition-and-wellness.html]
[classcentral/subject/foundations-of-mathematics.html]
[classcentral/subject/geometry.html]
[classcentral/subject/mathematical-logic.html]
[classcentral/subject/linear-programming.html]
[classcentral/subject/management-and-leadership.html]
[classcentral/subject/finance.html]
[classcentral/subject/human-resources.html]
[classcentral/subject/business-software.html]
[classcentral/subject/risk-management.html]
[classcentral/subject/csr.html]
[classcentral/subject/history.html]
[classcentral/subject/literature.html]
[classcentral/subject/reading.html]
[classcentral/subject/crisis-management.html]
[classcentral/subject/electrical-engineering.html]
[classcentral/subject/nanotechnology.html]
[classcentral/subject/gis.html]
[classcentral/subject/textiles.html]
[classcentral/subject/manufacturing.html]
[classcentral/subject/cad.html]
[classcentral/subject/aerospace-engineering.html]
[classcentral/subject/astronomy.html]
[classcentral/subject/applied-science.html]
[classcentral/subject/stem.html]
[classcentral/subject/test-prep.html]
[classcentral/subject/anthropology.html]
[classcentral/subject/sustainability.html]
[classcentral/subject/music.html]
[classcentral/subject/bioinformatics.html]
[classcentral/subject/jupyter.html]
[classcentral/subject/mobile-development.html]
[classcentral/subject/web-development.html]
[classcentral/subject/databases.html]
[classcentral/subject/game-development.html]
[classcentral/subject/software-development.html]
[classcentral/subject/cloud-computing.html]
[classcentral/subject/career-development.html]
[classcentral/subject/resilience.html]
[classcentral/subject/digital-forensics.html]
[classcentral/subject/devsecops.html]
[classcentral/subject/infosec-certifications.html]
[classcentral/subject/red-team.html]
[classcentral/subject/blue-team.html]
[classcentral/report/2022-year-in-review/index.html]
[ccweb.imgix.net/https_/classcentral/report/wp-content/uploads/2023/01/2022-year-in-review-bannera34a.png]
[classcentral/report/author/dhawal/index.html]
[ccweb.imgix.net/https_/classcentral/images/lists/list-empty6407.png]
[classcentral/report/review-china-economic-transformation/index.html]
[classcentral/report/most-cited-mooc-research/index.html]
[classcentral/report/best-digital-art-courses/index.html]
[classcentral/lists.html]
[classcentral/report/best-elm-courses/index.html]
[classcentral/report/emoocs-2023-cfp/index.html]
[classcentral/signup.html]
[classcentral/login.html]
[ccweb.imgix.net/https_/classcentral/images/illustrations/learning-illustration-black-history-month-01b6a2.png]
[classcentral/subject/it-certifications.html]
[classcentral/course/edx-herramientas-de-la-inteligencia-de-negocios-10281.html]
[classcentral/course/whartonaccounting-769.html]
[ccweb.imgix.net/https_/classcentral/images/icon-free-certificates1174.png]
[ccweb.imgix.net/https_/classcentral/images/icon-ivy-league6438.png]
[ccweb.imgix.net/https_/classcentral/images/logos/institutions/stanford-trn-sq17f6.png]
[classcentral/university/stanford.html]
[ccweb.imgix.net/https_/classcentral/images/icon-best-all-time6b4b.png]
[ccweb.imgix.net/https_/classcentral/images/icon-csaed6.png]
[classcentral/collection/sustainability-online-courses.html]
[ccweb.imgix.net/https_/classcentral/images/icon-sustainability9a1a.png]
[ccweb.imgix.net/https_/classcentral/images/logos/institutions/mit-trn-sqf645.png]
[classcentral/university/mit.html]
[ccweb.imgix.net/https_/classcentral/images/logos/institutions/google-trn-sqffa8.png]
[classcentral/institution/google.html]
[classcentral/institution/amazon.html]
[ccweb.imgix.net/https_/classcentral/images/logos/institutions/amazon-trn-sqc0bb.png]
[ccweb.imgix.net/https_/classcentral/images/icon-business39ff.png]
[ccweb.imgix.net/https_/classcentral/images/illustrations/homepage-discover-0149dd.png]
[classcentral/report/category/best-courses/index.html]
[classcentral/report/online-learning-deals/index.html]
[classcentral/university/harvard.html]
[ccweb.imgix.net/https_/classcentral/images/logos/homepage/harvard24a9.png]
[ccweb.imgix.net/https_/classcentral/images/logos/homepage/harvard12fb.png]
[ccweb.imgix.net/https_/classcentral/images/logos/homepage/stanford5813.png]
[ccweb.imgix.net/https_/classcentral/images/logos/homepage/stanford692f.png]
[ccweb.imgix.net/https_/classcentral/images/logos/homepage/iit-kharagpurbad5.png]
[classcentral/university/iit-kharagpur.html]
[ccweb.imgix.net/https_/classcentral/images/logos/homepage/iit-kharagpur3e7e.png]
[ccweb.imgix.net/https_/classcentral/images/logos/homepage/mit7179.png]
[ccweb.imgix.net/https_/classcentral/images/logos/homepage/mit6803.png]
[classcentral/university/rice.html]
[ccweb.imgix.net/https_/classcentral/images/logos/homepage/ricec4e3.png]
[ccweb.imgix.net/https_/classcentral/images/logos/homepage/ricecc22.png]
[ccweb.imgix.net/https_/classcentral/images/logos/homepage/iitm5204.png]
[classcentral/university/iitm.html]
[ccweb.imgix.net/https_/classcentral/images/logos/homepage/iitm3280.png]
[classcentral/university/columbia.html]
[ccweb.imgix.net/https_/classcentral/images/logos/homepage/columbia9b1a.png]
[ccweb.imgix.net/https_/classcentral/images/logos/homepage/columbia3755.png]
[ccweb.imgix.net/https_/classcentral/images/logos/homepage/cornella27f.png]
[classcentral/university/cornell.html]
[ccweb.imgix.net/https_/classcentral/images/logos/homepage/cornell9c0f.png]
[classcentral/university/edinburgh.html]
[ccweb.imgix.net/https_/classcentral/images/logos/homepage/edinburgh47df.png]
[ccweb.imgix.net/https_/classcentral/images/logos/homepage/edinburgh3216.png]
[classcentral/university/purdue.html]
[ccweb.imgix.net/https_/classcentral/images/logos/homepage/purdue21f6.png]
[ccweb.imgix.net/https_/classcentral/images/logos/homepage/purdue39cf.png]
[ccweb.imgix.net/https_/classcentral/images/logos/homepage/pennab51.png]
[classcentral/university/penn.html]
[ccweb.imgix.net/https_/classcentral/images/logos/homepage/penn0cdc.png]
[ccweb.imgix.net/https_/classcentral/images/logos/homepage/dukedf08.png]
[classcentral/university/duke.html]
[ccweb.imgix.net/https_/classcentral/images/logos/homepage/dukebf93.png]
[ccweb.imgix.net/https_/classcentral/images/logos/homepage/umichb05a.png]
[classcentral/university/umich.html]
[ccweb.imgix.net/https_/classcentral/images/logos/homepage/umich1bfb.png]
[classcentral/provider/coursera.html]
[ccweb.imgix.net/https_/classcentral/images/logos/providers/coursera-trn-sqc43d.png]
[ccweb.imgix.net/https_/classcentral/images/logos/providers/coursera-trn-sqf873.png]
[ccweb.imgix.net/https_/classcentral/images/logos/providers/edx-trn-sq7d7a.png]
[classcentral/provider/edx.html]
[ccweb.imgix.net/https_/classcentral/images/logos/providers/edx-trn-sqe227.png]
[ccweb.imgix.net/https_/classcentral/images/logos/providers/futurelearn-trn-sq1970.png]
[classcentral/provider/futurelearn.html]
[ccweb.imgix.net/https_/classcentral/images/logos/providers/futurelearn-trn-sqc75e.png]
[classcentral/provider/udemy.html]
[ccweb.imgix.net/https_/classcentral/images/logos/providers/udemy-trn-sqd9e7.png]
[ccweb.imgix.net/https_/classcentral/images/logos/providers/udemy-trn-sq6b36.png]
[ccweb.imgix.net/https_/classcentral/images/logos/providers/swayam-trn-sqb82e.png]
[ccweb.imgix.net/https_/classcentral/images/logos/providers/swayam-trn-sq20ea.png]
[ccweb.imgix.net/https_/classcentral/images/logos/providers/linkedin-learning-trn-sq6510.png]
[classcentral/provider/linkedin-learning.html]
[ccweb.imgix.net/https_/classcentral/images/logos/providers/linkedin-learning-trn-sq8c39.png]
[ccweb.imgix.net/https_/classcentral/images/logos/providers/skillshare-trn-sqad55.png]
[ccweb.imgix.net/https_/classcentral/images/logos/providers/skillshare-trn-sq9645.png]
[ccweb.imgix.net/https_/classcentral/images/logos/homepage/google26e5.png]
[ccweb.imgix.net/https_/classcentral/images/logos/homepage/googlec927.png]
[ccweb.imgix.net/https_/classcentral/images/logos/homepage/amazon11a8.png]
[ccweb.imgix.net/https_/classcentral/images/logos/homepage/amazonbfc4.png]
[ccweb.imgix.net/https_/classcentral/images/logos/homepage/microsoftca5a.png]
[classcentral/institution/microsoft.html]
[ccweb.imgix.net/https_/classcentral/images/logos/homepage/microsofte4df.png]
[ccweb.imgix.net/https_/classcentral/images/logos/homepage/ibm7639.png]
[ccweb.imgix.net/https_/classcentral/images/logos/homepage/ibmb3ff.png]
[ccweb.imgix.net/https_/classcentral/images/logos/homepage/smithsonian0cee.png]
[classcentral/institution/smithsonian.html]
[ccweb.imgix.net/https_/classcentral/images/logos/homepage/smithsonian8661.png]
[ccweb.imgix.net/https_/classcentral/images/logos/homepage/united-nationsaaac.png]
[ccweb.imgix.net/https_/classcentral/images/logos/homepage/united-nationsa2cd.png]
[ccweb.imgix.net/https_/classcentral/images/logos/homepage/british-councilbe04.png]
[ccweb.imgix.net/https_/classcentral/images/logos/homepage/british-council9165.png]
[ccweb.imgix.net/https_/classcentral/images/best-courses/mini-banner-best-of-all-time992b.png]
[classcentral/institutions.html]
[ccweb.imgix.net/https_/classcentral/images/best-courses/mini-banner-best-of-all-time5fef.png]
[ccweb.imgix.net/https_/classcentral/images/best-courses/mini-banner-best-of-2022a427.png]
[ccweb.imgix.net/https_/classcentral/images/best-courses/mini-banner-best-of-20226fc4.png]
[ccweb.imgix.net/https_/classcentral/report/wp-content/uploads/2020/08/patrick-robert-doyle-OvXht_wi5Ew-unsplash424b.jpg]
[classcentral/report/feed/index.html]
[ccweb.imgix.net/https_/classcentral/report/wp-content/uploads/2020/08/patrick-robert-doyle-OvXht_wi5Ew-unsplashae82.jpg]
[ccweb.imgix.net/https_/classcentral/report/wp-content/uploads/2023/02/Digital-Art-BCG-Bannerdad3.png]
[ccweb.imgix.net/https_/classcentral/report/wp-content/uploads/2023/02/Digital-Art-BCG-Bannere69e.png]
[ccweb.imgix.net/https_/classcentral/report/wp-content/uploads/2023/02/Elm-BCG-Banner67b1.png]
[ccweb.imgix.net/https_/classcentral/report/wp-content/uploads/2023/02/Elm-BCG-Banner7374.png]
[classcentral/report/author/heba/index.html]
[ccweb.imgix.net/https_/classcentral/report/wp-content/uploads/2023/02/Resume-Writing-BCG-Banner6802.png]
[ccweb.imgix.net/https_/classcentral/report/wp-content/uploads/2023/02/Resume-Writing-BCG-Bannera1ce.png]
[ccweb.imgix.net/https_/classcentral/report/wp-content/uploads/2023/02/OCaml-BCG-Bannerefde.png]
[ccweb.imgix.net/https_/classcentral/report/wp-content/uploads/2023/02/OCaml-BCG-Banner74c2.png]
[classcentral/report/author/manoel/index.html]
[ccweb.imgix.net/https_/classcentral/report/wp-content/uploads/2023/02/DaVinci-Resolve-BCG-Bannerb69f.png]
[ccweb.imgix.net/https_/classcentral/report/wp-content/uploads/2023/02/DaVinci-Resolve-BCG-Bannera890.png]
[ccweb.imgix.net/https_/classcentral/images/collections/collections-udemy-top-coursesa8d4.png]
[ccweb.imgix.net/https_/classcentral/images/collections/collections-udemy-top-coursesb42d.png]
[classcentral/report/coursera-google-new-deal/index.html]
[ccweb.imgix.net/https_/classcentral/images/collections/collection-india-ugc-approved-online-degrees7238.png]
[ccweb.imgix.net/https_/classcentral/images/collections/collection-india-ugc-approved-online-degrees058b.png]
[ccweb.imgix.net/https_/classcentral/images/collections/collection-earn-a-masters-degree-social3f9b.png]
[classcentral/report/udemy-layoffs/index.html]
[ccweb.imgix.net/https_/classcentral/images/collections/collection-earn-a-masters-degree-sociald381.png]
[ccweb.imgix.net/https_/classcentral/images/collections/collection-microcredentials-socialc08f.png]
[classcentral/report/harvard-cs50-guide/index.html]
[classcentral/report/author/ruima/index.html]
[classcentral/report/futurelearn-expands-paywall/index.html]
[classcentral/report/chinese-mooc-platforms/index.html]
[classcentral/report/author/pat-bowden/index.html]
[ccweb.imgix.net/https_/classcentral/images/collections/collection-microcredentials-social5dfd.png]
[classcentral/report/udemy-by-the-numbers/index.html]
[classcentral/report/best-resume-writing-courses/index.html]
[classcentral/report/best-ocaml-courses/index.html]
[ccweb.imgix.net/https_/classcentral/images/collections/collection-ivy-league-moocs-social9f0a.jpg]
[ccweb.imgix.net/https_/classcentral/images/collections/collection-ivy-league-moocs-sociale573.jpg]
[ccweb.imgix.net/https_/classcentral/images/collections/collection-most-popular-all-time-social611f.png]
[ccweb.imgix.net/https_/classcentral/images/collections/collection-most-popular-all-time-social1b82.png]
[classcentral/report/best-davinci-resolve-courses/index.html]
[classcentral/report/udemy-top-courses/index.html]
[classcentral/provider/udacity.html]
[classcentral/report/list-of-mooc-based-microcredentials/index.html]
[classcentral/report/mooc-based-masters-degree/index.html]
[classcentral/report/india-online-degrees/index.html]
[classcentral/university/gatech.html]
[classcentral/institution/linuxfoundation.html]
[classcentral/institution/salesforce.html]
[classcentral/report/most-popular-courses-2023/index.html]
[classcentral/report/edx-top-courses/index.html]
[classcentral/report/coursera-top-courses/index.html]
[classcentral/report/class-central-ddos-attack/index.html]
[classcentral/about.html]
[classcentral/report/cs50-free-certificate/index.html]
[classcentral/report/open-university-insiders-perspective/index.html]
[classcentral/about/privacy-policy.html]
[classcentral/report/linkedin-learning-free-learning-paths/index.html]
[classcentral/about/careers.html]
[classcentral/report/writing-free-online-courses/index.html]
[classcentral/help.html]
[classcentral/contact.html]
[classcentral/delete-item/index.html]
[classcentral/cdn-cgi/l/email-protection.html]
[classcentral/move-item/index.html]
[classcentral/update-item/index.html]
[classcentral/maestro/course-reviews/index.html]
[classcentral/cdn-cgi/scripts/5c5dd728/cloudflare-static/email-decode.min.js]
[classcentral/coordinator/index.html]
[in.getclicky.com/100717250ns.gif]
[classcentral/webpack/analytics.2edefc668ab4db842c41.js]
[classcentral/index.html]
[classcentral/safari-pinned-tab.svg]
[classcentral/rankings.html]
[classcentral/s/index.html]
[classcentral/enrollee-list/update-item-progress/index.html]
[classcentral/collections.html]
[classcentral/subjects.html]
[classcentral/subject/cs.html]
[classcentral/subject/health.html]
[classcentral/subject/maths.html]
[classcentral/subject/business.html]
[classcentral/subject/humanities.html]
[classcentral/subject/engineering.html]
[classcentral/subject/science.html]
[classcentral/subject/education.html]
[classcentral/subject/social-sciences.html]
[classcentral/subject/art-and-design.html]
[classcentral/subject/data-science.html]
[classcentral/subject/programming-and-software-development.html]
[classcentral/subject/personal-development.html]
[classcentral/subject/infosec.html]
[classcentral/universities.html]
[classcentral/report/index.html]
[classcentral/collection/top-free-online-courses.html]
[classcentral/report/most-popular-online-courses/index.html]
[classcentral/report/best-free-online-courses-2022/index.html]
[classcentral/report/best-free-online-courses-2021/index.html]
[classcentral/report/most-popular-courses-2022/index.html]
[classcentral/report/100-most-popular-online-courses-2021/index.html]
[classcentral/collection/ivy-league-moocs.html]
[classcentral/report/coursera-free-online-courses/index.html]
[classcentral/report/free-certificates/index.html]
[classcentral/report/free-google-certifications/index.html]
[classcentral/starting-this-month.html]
[classcentral/new-online-courses/february-2023.html]
[classcentral/report/most-popular-march-2023/index.html]
[classcentral/subject/ai.html]
[classcentral/subject/algorithms-and-data-structures.html]
[classcentral/subject/internet-of-things.html]
[classcentral/subject/information-technology.html]
[classcentral/subject/computer-networking.html]
[classcentral/subject/machine-learning.html]
[classcentral/subject/devops.html]
[classcentral/subject/deep-learning.html]
[classcentral/subject/cryptography.html]
[classcentral/subject/quantum-computing.html]
[classcentral/subject/hci.html]
[classcentral/subject/distributed-systems.html]
[classcentral/subject/blockchain.html]
[classcentral/subject/operating-systems.html]
[classcentral/subject/computer-graphics.html]
[classcentral/subject/nutrition-and-wellness.html]
[classcentral/subject/disease-and-disorders.html]
[classcentral/subject/public-health.html]
[classcentral/subject/health-care.html]
[classcentral/subject/nursing.html]
[classcentral/subject/anatomy.html]
[classcentral/subject/veterinary-science.html]
[classcentral/subject/cme.html]
[classcentral/subject/statistics.html]
[classcentral/subject/foundations-of-mathematics.html]
[classcentral/subject/calculus.html]
[classcentral/subject/discrete-mathematics.html]
[classcentral/subject/trigonometry.html]
[classcentral/subject/geometry.html]
[classcentral/subject/algebra.html]
[classcentral/subject/precalculus.html]
[classcentral/subject/number-theory.html]
[classcentral/subject/mathematical-logic.html]
[classcentral/subject/linear-programming.html]
[classcentral/subject/management-and-leadership.html]
[classcentral/subject/finance.html]
[classcentral/subject/entrepreneurship.html]
[classcentral/subject/marketing.html]
[classcentral/subject/strategic-management.html]
[classcentral/subject/industry-specific.html]
[classcentral/subject/business-intelligence.html]
[classcentral/subject/accounting.html]
[classcentral/subject/human-resources.html]
[classcentral/subject/project-management.html]
[classcentral/subject/sales.html]
[classcentral/subject/combinatorics]
[classcentral/subject/business-software.html]
[classcentral/subject/risk-management.html]
[classcentral/subject/csr.html]
[classcentral/subject/customer-service.html]
[classcentral/subject/nonprofit.html]
[classcentral/subject/innovation.html]
[classcentral/subject/design-thinking]
[classcentral/subject/history.html]
[classcentral/subject/literature.html]
[classcentral/subject/language-learning.html]
[classcentral/subject/grammar-writing.html]
[classcentral/subject/philosophy.html]
[classcentral/subject/religion.html]
[classcentral/subject/esl.html]
[classcentral/subject/culture.html]
[classcentral/subject/sports.html]
[classcentral/subject/journalism.html]
[classcentral/subject/ethics.html]
[classcentral/subject/linguistics.html]
[classcentral/subject/food.html]
[classcentral/subject/library-science.html]
[classcentral/subject/reading.html]
[classcentral/subject/crisis-management.html]
[classcentral/subject/operations-management]
[classcentral/subject/electrical-engineering.html]
[classcentral/subject/mechanical-engineering.html]
[classcentral/subject/civil-engineering.html]
[classcentral/subject/robotics.html]
[classcentral/subject/nanotechnology.html]
[classcentral/subject/gis.html]
[classcentral/subject/textiles.html]
[classcentral/subject/manufacturing.html]
[classcentral/subject/bim.html]
[classcentral/subject/cad.html]
[classcentral/subject/chemical-engineering.html]
[classcentral/subject/energy-systems.html]
[classcentral/subject/aerospace-engineering.html]
[classcentral/subject/chemistry.html]
[classcentral/subject/physics.html]
[classcentral/subject/environmental-science.html]
[classcentral/subject/astronomy.html]
[classcentral/subject/biology.html]
[classcentral/subject/agriculture.html]
[classcentral/subject/materials-science.html]
[classcentral/subject/earth-science.html]
[classcentral/subject/applied-science.html]
[classcentral/subject/forensic-science.html]
[classcentral/subject/k12.html]
[classcentral/subject/higher-education.html]
[classcentral/subject/stem.html]
[classcentral/subject/teacher-development.html]
[classcentral/subject/course-development.html]
[classcentral/subject/online-education.html]
[classcentral/subject/test-prep.html]
[classcentral/subject/pedagogy.html]
[classcentral/subject/sociology.html]
[classcentral/subject/economics.html]
[classcentral/subject/psychology.html]
[classcentral/subject/anthropology.html]
[classcentral/subject/political-science.html]
[classcentral/subject/law.html]
[classcentral/subject/urban-planning.html]
[classcentral/subject/human-rights.html]
[classcentral/subject/sustainability.html]
[classcentral/subject/governance.html]
[classcentral/subject/archaeology.html]
[classcentral/subject/social-work.html]
[classcentral/subject/childhood-development.html]
[classcentral/subject/music.html]
[classcentral/subject/digital-media.html]
[classcentral/subject/visual-arts.html]
[classcentral/subject/design-and-creativity.html]
[classcentral/subject/bioinformatics.html]
[classcentral/subject/big-data.html]
[classcentral/subject/data-mining.html]
[classcentral/subject/data-analysis.html]
[classcentral/subject/data-visualization.html]
[classcentral/subject/jupyter.html]
[classcentral/subject/mobile-development.html]
[classcentral/subject/web-development.html]
[classcentral/subject/databases.html]
[classcentral/subject/game-development.html]
[classcentral/subject/programming-languages.html]
[classcentral/subject/software-development.html]
[classcentral/subject/cloud-computing.html]
[classcentral/subject/communication-skills.html]
[classcentral/subject/career-development.html]
[classcentral/subject/self-improvement.html]
[classcentral/subject/presentation-skills.html]
[classcentral/subject/resilience.html]
[classcentral/subject/cybersecurity.html]
[classcentral/subject/network-security.html]
[classcentral/subject/ethical-hacking.html]
[classcentral/subject/digital-forensics.html]
[classcentral/subject/reverse-engineering.html]
[classcentral/subject/pentesting.html]
[classcentral/subject/malware-analysis.html]
[classcentral/subject/devsecops.html]
[classcentral/subject/osint.html]
[classcentral/subject/threat-intelligence.html]
[classcentral/subject/infosec-certifications.html]
[classcentral/subject/red-team.html]
[classcentral/subject/blue-team.html]
[classcentral/report/2022-year-in-review/index.html]
[classcentral/report/author/dhawal/index.html]
[classcentral/report/review-china-economic-transformation/index.html]
[classcentral/report/most-cited-mooc-research/index.html]
[classcentral/report/best-digital-art-courses/index.html]
[classcentral/report/emoocs-2023-cfp/index.html]
[classcentral/report/best-elm-courses/index.html]
[classcentral/lists.html]
[classcentral/signup.html]
[classcentral/login.html]
[classcentral/subject/it-certifications.html]
[classcentral/course/edx-herramientas-de-la-inteligencia-de-negocios-10281.html]
[classcentral/course/whartonmarketing-1137.html]
[classcentral/course/whartonaccounting-769.html]
[classcentral/help/moocs.html]
[classcentral/university/stanford.html]
[classcentral/collection/sustainability-online-courses.html]
[classcentral/university/mit.html]
[classcentral/institution/google.html]
[classcentral/institution/amazon.html]
[classcentral/report/category/best-courses/index.html]
[classcentral/report/online-learning-deals/index.html]
[classcentral/university/harvard.html]
[classcentral/university/iit-kharagpur.html]
[classcentral/university/rice.html]
[classcentral/university/iitm.html]
[classcentral/university/columbia.html]
[classcentral/university/cornell.html]
[classcentral/university/edinburgh.html]
[classcentral/university/purdue.html]
[classcentral/university/penn.html]
[classcentral/university/duke.html]
[classcentral/university/umich.html]
[classcentral/provider/coursera.html]
[classcentral/provider/edx.html]
[classcentral/provider/futurelearn.html]
[classcentral/provider/udemy.html]
[classcentral/provider/swayam.html]
[classcentral/provider/linkedin-learning.html]
[classcentral/provider/skillshare.html]
[classcentral/providers.html]
[classcentral/institution/microsoft.html]
[classcentral/institution/ibm.html]
[classcentral/institution/smithsonian.html]
[classcentral/institution/united-nations.html]
[classcentral/institution/british-council.html]
[classcentral/institutions.html]
[classcentral/report/author/heba/index.html]
[classcentral/report/author/manoel/index.html]
[classcentral/report/coursera-google-new-deal/index.html]
[classcentral/report/udemy-layoffs/index.html]
[classcentral/report/harvard-cs50-guide/index.html]
[classcentral/report/chinese-mooc-platforms/index.html]
[classcentral/report/author/ruima/index.html]
[classcentral/report/futurelearn-expands-paywall/index.html]
[classcentral/report/author/pat-bowden/index.html]
[classcentral/report/udemy-by-the-numbers/index.html]
[classcentral/report/best-resume-writing-courses/index.html]
[classcentral/report/best-ocaml-courses/index.html]
[classcentral/report/best-davinci-resolve-courses/index.html]
[classcentral/report/udemy-top-courses/index.html]
[classcentral/report/india-online-degrees/index.html]
[classcentral/report/mooc-based-masters-degree/index.html]
[classcentral/report/list-of-mooc-based-microcredentials/index.html]
[classcentral/provider/udacity.html]
[classcentral/university/gatech.html]
[classcentral/institution/linuxfoundation.html]
[classcentral/institution/salesforce.html]
[classcentral/report/most-popular-courses-2023/index.html]
[classcentral/report/coursera-top-courses/index.html]
[classcentral/report/edx-top-courses/index.html]
[classcentral/report/class-central-ddos-attack/index.html]
[classcentral/report/cs50-free-certificate/index.html]
[classcentral/report/open-university-insiders-perspective/index.html]
[classcentral/report/google-free-certificates/index.html]
[classcentral/report/linkedin-learning-free-learning-paths/index.html]
[classcentral/collection/ivy-league-moocs/index.html]
[classcentral/report/writing-free-online-courses/index.html]
[classcentral/about.html]
[classcentral/about/privacy-policy.html]
[classcentral/about/careers.html]
[classcentral/help.html]
[classcentral/contact.html]
[classcentral/update-item/index.html]
[classcentral/delete-item/index.html]
[classcentral/move-item/index.html]
[classcentral/maestro/course-reviews/index.html]
[classcentral/coordinator/index.html]
[classcentral/s/index.html]
[classcentral/enrollee-list/update-item-progress/index.html]
[classcentral/cdn-cgi/l/email-protection.html]
[classcentral/subject/combinatorics]
[classcentral/subject/design-thinking]
[classcentral/subject/operations-management]
